node.exe : 
строка:1 знак:1
+ & "C:\Program Files\nodejs/node
.exe" "C:\Users\ZOICHI\AppData\Ro
aming ...
+ ~~~~~~~~~~~~~~~~~~~~~~~~~~~~~~~
~~~~~~~~~~~~~~~~~~~~~~~~~~~~~~~~~
~~~~~
    + CategoryInfo          : No 
   tSpecified: (:String) [], Re  
  moteException
    + FullyQualifiedErrorId : Na 
   tiveCommandError
 
[31mтОптОптОптОптОптОптОп[39m[
1m[41m Startup Error [49m[22m
[31mтОптОптОптОптОптОптОптОп[39m
Error: Failed to load custom Repo
rter from basic
    at loadCustomReporterModule (
file:///C:/Users/ZOICHI/Desktop/M
yCoursePlan/node_modules/vitest/d
ist/chunks/cli-api.BUXBO6jS.js:11
338:9)
    at file:///C:/Users/ZOICHI/De
sktop/MyCoursePlan/node_modules/v
itest/dist/chunks/cli-api.BUXBO6j
S.js:11354:23
    ... 3 lines matching cause st
ack trace ...
    at _createServer (file:///C:/
Users/ZOICHI/Desktop/MyCoursePlan
/node_modules/vite/dist/node/chun
ks/node.js:26133:84)
    at createViteServer (file:///
C:/Users/ZOICHI/Desktop/MyCourseP
lan/node_modules/vitest/dist/chun
ks/cli-api.BUXBO6jS.js:8819:17)
    at createVitest (file:///C:/U
sers/ZOICHI/Desktop/MyCoursePlan/
node_modules/vitest/dist/chunks/c
li-api.BUXBO6jS.js:14159:18)
    at prepareVitest (file:///C:/
Users/ZOICHI/Desktop/MyCoursePlan
/node_modules/vitest/dist/chunks/
cli-api.BUXBO6jS.js:14526:14)
    at startVitest (file:///C:/Us
ers/ZOICHI/Desktop/MyCoursePlan/n
ode_modules/vitest/dist/chunks/cl
i-api.BUXBO6jS.js:14469:14) {
  [cause]: Error: Failed to load 
url basic (resolved id: basic). D
oes the file exist?
      at reviveInvokeError (file:
///C:/Users/ZOICHI/Desktop/MyCour
sePlan/node_modules/vite/dist/nod
e/module-runner.js:538:14)
      at Object.invoke (file:///C
:/Users/ZOICHI/Desktop/MyCoursePl
an/node_modules/vite/dist/node/mo
dule-runner.js:554:33)
      at ServerModuleRunner.getMo
duleInformation (file:///C:/Users
/ZOICHI/Desktop/MyCoursePlan/node
_modules/vite/dist/node/module-ru
nner.js:1183:7)
      at ServerModuleRunner.impor
t (file:///C:/Users/ZOICHI/Deskto
p/MyCoursePlan/node_modules/vite/
dist/node/module-runner.js:1099:2
3)
      at loadCustomReporterModule
 (file:///C:/Users/ZOICHI/Desktop
/MyCoursePlan/node_modules/vitest
/dist/chunks/cli-api.BUXBO6jS.js:
11336:26)
      at file:///C:/Users/ZOICHI/
Desktop/MyCoursePlan/node_modules
/vitest/dist/chunks/cli-api.BUXBO
6jS.js:11354:23
      at async Promise.all (index
 0)
      at Vitest._setServer (file:
///C:/Users/ZOICHI/Desktop/MyCour
sePlan/node_modules/vitest/dist/c
hunks/cli-api.BUXBO6jS.js:13153:1
38)
      at BasicMinimalPluginContex
t.handler (file:///C:/Users/ZOICH
I/Desktop/MyCoursePlan/node_modul
es/vitest/dist/chunks/cli-api.BUX
BO6jS.js:14125:5)
      at _createServer (file:///C
:/Users/ZOICHI/Desktop/MyCoursePl
an/node_modules/vite/dist/node/ch
unks/node.js:26133:84) {
    code: 'ERR_LOAD_URL',
    runnerError: Error: RunnerErr
or
        at reviveInvokeError (fil
e:///C:/Users/ZOICHI/Desktop/MyCo
ursePlan/node_modules/vite/dist/n
ode/module-runner.js:539:64)
        at Object.invoke (file://
/C:/Users/ZOICHI/Desktop/MyCourse
Plan/node_modules/vite/dist/node/
module-runner.js:554:33)
        at ServerModuleRunner.get
ModuleInformation (file:///C:/Use
rs/ZOICHI/Desktop/MyCoursePlan/no
de_modules/vite/dist/node/module-
runner.js:1183:7)
        at ServerModuleRunner.imp
ort (file:///C:/Users/ZOICHI/Desk
top/MyCoursePlan/node_modules/vit
e/dist/node/module-runner.js:1099
:23)
        at loadCustomReporterModu
le (file:///C:/Users/ZOICHI/Deskt
op/MyCoursePlan/node_modules/vite
st/dist/chunks/cli-api.BUXBO6jS.j
s:11336:26)
        at file:///C:/Users/ZOICH
I/Desktop/MyCoursePlan/node_modul
es/vitest/dist/chunks/cli-api.BUX
BO6jS.js:11354:23
        at async Promise.all (ind
ex 0)
        at Vitest._setServer (fil
e:///C:/Users/ZOICHI/Desktop/MyCo
ursePlan/node_modules/vitest/dist
/chunks/cli-api.BUXBO6jS.js:13153
:138)
        at BasicMinimalPluginCont
ext.handler (file:///C:/Users/ZOI
CHI/Desktop/MyCoursePlan/node_mod
ules/vitest/dist/chunks/cli-api.B
UXBO6jS.js:14125:5)
        at _createServer (file://
/C:/Users/ZOICHI/Desktop/MyCourse
Plan/node_modules/vite/dist/node/
chunks/node.js:26133:84)
  }
}



