src/pages/quiz/LiveSessionDashboard.tsx(16,27): error TS6133: 'Gamepad2' is declared but its value is never read.
